{
    "expected2dTracePoints": [
        {
            "scale": 0,
            "projectedUnitVectors": [
                {
                    "data": [
                        [
                            0.7008923218383587
                        ],
                        [
                            0.0060086685798348945
                        ]
                    ]
                },
                {
                    "data": [
                        [
                            0.5851299073310892
                        ],
                        [
                            0.39198073002162354
                        ]
                    ]
                },
                {
                    "data": [
                        [
                            0.3815104578849568
                        ],
                        [
                            -0.2808835649969672
                        ]
                    ]
                },
                {
                    "data": [
                        [
                            0.14430078052164394
                        ],
                        [
                            -0.8760247862407816
                        ]
                    ]
                }
            ]
        },
        {
            "scale": 0.1,
            "projectedUnitVectors": [
                {
                    "data": [
                        [
                            0.7007091290604303
                        ],
                        [
                            0.007938540933201661
                        ]
                    ]
                },
                {
                    "data": [
                        [
                            0.5850561961853812
                        ],
                        [
                            0.39170616221643817
                        ]
                    ]
                },
                {
                    "data": [
                        [
                            0.38196625715975874
                        ],
                        [
                            -0.283963837894128
                        ]
                    ]
                },
                {
                    "data": [
                        [
                            0.14428354773788535
                        ],
                        [
                            -0.8751387323264574
                        ]
                    ]
                }
            ]
        },
        {
            "scale": 0.4,
            "projectedUnitVectors": [
                {
                    "data": [
                        [
                            0.6979056457045778
                        ],
                        [
                            0.04228641382084042
                        ]
                    ]
                },
                {
                    "data": [
                        [
                            0.5839029658025486
                        ],
                        [
                            0.3857633767653745
                        ]
                    ]
                },
                {
                    "data": [
                        [
                            0.38890031504695005
                        ],
                        [
                            -0.3374825941386163
                        ]
                    ]
                },
                {
                    "data": [
                        [
                            0.14401937778315319
                        ],
                        [
                            -0.8576152837993377
                        ]
                    ]
                }
            ]
        },
        {
            "scale": 0.9,
            "projectedUnitVectors": [
                {
                    "data": [
                        [
                            0.6844442626793106
                        ],
                        [
                            0.3006065902573376
                        ]
                    ]
                },
                {
                    "data": [
                        [
                            0.5777730743040868
                        ],
                        [
                            0.2948717294336538
                        ]
                    ]
                },
                {
                    "data": [
                        [
                            0.42111987483349544
                        ],
                        [
                            -0.6960147318689115
                        ]
                    ]
                },
                {
                    "data": [
                        [
                            0.14273183567375694
                        ],
                        [
                            -0.5815924983148518
                        ]
                    ]
                }
            ]
        },
        {
            "scale": 1.6,
            "projectedUnitVectors": [
                {
                    "data": [
                        [
                            0.6346016439294941
                        ],
                        [
                            0.4580233794232739
                        ]
                    ]
                },
                {
                    "data": [
                        [
                            0.5491971852188988
                        ],
                        [
                            0.29473136474521233
                        ]
                    ]
                },
                {
                    "data": [
                        [
                            0.5260820120110328
                        ],
                        [
                            -0.8313867059289775
                        ]
                    ]
                },
                {
                    "data": [
                        [
                            0.13748062375493134
                        ],
                        [
                            -0.1102005069937188
                        ]
                    ]
                }
            ]
        },
        {
            "scale": 2.5,
            "projectedUnitVectors": [
                {
                    "data": [
                        [
                            0.4531385020572791
                        ],
                        [
                            0.6068745698045509
                        ]
                    ]
                },
                {
                    "data": [
                        [
                            0.41407991981613557
                        ],
                        [
                            0.4962750608664368
                        ]
                    ]
                },
                {
                    "data": [
                        [
                            0.7815213409964523
                        ],
                        [
                            -0.619825398975525
                        ]
                    ]
                },
                {
                    "data": [
                        [
                            0.11147964623847292
                        ],
                        [
                            0.03508269190624043
                        ]
                    ]
                }
            ]
        },
        {
            "scale": 3.6,
            "projectedUnitVectors": [
                {
                    "data": [
                        [
                            0.19843355422684578
                        ],
                        [
                            0.6982904942112681
                        ]
                    ]
                },
                {
                    "data": [
                        [
                            0.19449555991026687
                        ],
                        [
                            0.6518258793746413
                        ]
                    ]
                },
                {
                    "data": [
                        [
                            0.9587491281250228
                        ],
                        [
                            -0.28229073994100246
                        ]
                    ]
                },
                {
                    "data": [
                        [
                            0.05996424811169943
                        ],
                        [
                            0.08846099035857168
                        ]
                    ]
                }
            ]
        },
        {
            "scale": 4.9,
            "projectedUnitVectors": [
                {
                    "data": [
                        [
                            0.08966054817377281
                        ],
                        [
                            0.6724052139934641
                        ]
                    ]
                },
                {
                    "data": [
                        [
                            0.09201751446511962
                        ],
                        [
                            0.7229344149960059
                        ]
                    ]
                },
                {
                    "data": [
                        [
                            0.9912305266235606
                        ],
                        [
                            -0.13074712890229315
                        ]
                    ]
                },
                {
                    "data": [
                        [
                            0.03091611590123808
                        ],
                        [
                            0.09023440636804317
                        ]
                    ]
                }
            ]
        },
        {
            "scale": 6.4,
            "projectedUnitVectors": [
                {
                    "data": [
                        [
                            0.04755062325949049
                        ],
                        [
                            0.602849952541657
                        ]
                    ]
                },
                {
                    "data": [
                        [
                            0.0500398869133911
                        ],
                        [
                            0.7911245501200095
                        ]
                    ]
                },
                {
                    "data": [
                        [
                            0.9974602114936664
                        ],
                        [
                            -0.06977058733276359
                        ]
                    ]
                },
                {
                    "data": [
                        [
                            0.01755204923475062
                        ],
                        [
                            0.07632788521356752
                        ]
                    ]
                }
            ]
        },
        {
            "scale": 8.1,
            "projectedUnitVectors": [
                {
                    "data": [
                        [
                            0.028107350062858097
                        ],
                        [
                            0.5025279837731735
                        ]
                    ]
                },
                {
                    "data": [
                        [
                            0.029994234369487116
                        ],
                        [
                            0.8617126930442579
                        ]
                    ]
                },
                {
                    "data": [
                        [
                            0.9990968404973528
                        ],
                        [
                            -0.04062294258926347
                        ]
                    ]
                },
                {
                    "data": [
                        [
                            0.01076225279573158
                        ],
                        [
                            0.057154498568988146
                        ]
                    ]
                }
            ]
        },
        {
            "scale": 10,
            "projectedUnitVectors": [
                {
                    "data": [
                        [
                            0.01787163222229783
                        ],
                        [
                            0.3893981889434975
                        ]
                    ]
                },
                {
                    "data": [
                        [
                            0.019227267245609164
                        ],
                        [
                            0.9199093247000198
                        ]
                    ]
                },
                {
                    "data": [
                        [
                            0.9996309740763486
                        ],
                        [
                            -0.024927672616627667
                        ]
                    ]
                },
                {
                    "data": [
                        [
                            0.00698803428348653
                        ],
                        [
                            0.038916524965570826
                        ]
                    ]
                }
            ]
        },
        {
            "scale": 12.1,
            "projectedUnitVectors": [
                {
                    "data": [
                        [
                            0.01197698468671412
                        ],
                        [
                            0.28771235662246714
                        ]
                    ]
                },
                {
                    "data": [
                        [
                            0.012949815900562876
                        ],
                        [
                            0.9572501669004975
                        ]
                    ]
                },
                {
                    "data": [
                        [
                            0.9998331655075323
                        ],
                        [
                            -0.015964682576230214
                        ]
                    ]
                },
                {
                    "data": [
                        [
                            0.004742916522953394
                        ],
                        [
                            0.02527541742397242
                        ]
                    ]
                }
            ]
        },
        {
            "scale": 14.4,
            "projectedUnitVectors": [
                {
                    "data": [
                        [
                            0.008355493295764217
                        ],
                        [
                            0.20946821418770428
                        ]
                    ]
                },
                {
                    "data": [
                        [
                            0.009062901894051536
                        ],
                        [
                            0.977619431017404
                        ]
                    ]
                },
                {
                    "data": [
                        [
                            0.9999184587783715
                        ],
                        [
                            -0.010665910950064241
                        ]
                    ]
                },
                {
                    "data": [
                        [
                            0.003335466283655798
                        ],
                        [
                            0.016418090200329184
                        ]
                    ]
                }
            ]
        },
        {
            "scale": 16.9,
            "projectedUnitVectors": [
                {
                    "data": [
                        [
                            0.006018509438167872
                        ],
                        [
                            0.15347405449294968
                        ]
                    ]
                },
                {
                    "data": [
                        [
                            0.006541775092897852
                        ],
                        [
                            0.9880641926041906
                        ]
                    ]
                },
                {
                    "data": [
                        [
                            0.999957573678705
                        ],
                        [
                            -0.007414139943514283
                        ]
                    ]
                },
                {
                    "data": [
                        [
                            0.00241527749408342
                        ],
                        [
                            0.010949722362807302
                        ]
                    ]
                }
            ]
        },
        {
            "scale": 19.6,
            "projectedUnitVectors": [
                {
                    "data": [
                        [
                            0.004450575399762133
                        ],
                        [
                            0.11417269383203757
                        ]
                    ]
                },
                {
                    "data": [
                        [
                            0.004844446772976933
                        ],
                        [
                            0.9934178344970807
                        ]
                    ]
                },
                {
                    "data": [
                        [
                            0.9999767551044821
                        ],
                        [
                            -0.005334368279277283
                        ]
                    ]
                },
                {
                    "data": [
                        [
                            0.0017924744868347137
                        ],
                        [
                            0.007559537110775172
                        ]
                    ]
                }
            ]
        },
        {
            "scale": 22.5,
            "projectedUnitVectors": [
                {
                    "data": [
                        [
                            0.0033645922946557204
                        ],
                        [
                            0.08643578226831716
                        ]
                    ]
                },
                {
                    "data": [
                        [
                            0.0036660263710598636
                        ],
                        [
                            0.9962349625618472
                        ]
                    ]
                },
                {
                    "data": [
                        [
                            0.9999866970401573
                        ],
                        [
                            -0.00395043186006185
                        ]
                    ]
                },
                {
                    "data": [
                        [
                            0.0013584962472902216
                        ],
                        [
                            0.005398981494512551
                        ]
                    ]
                }
            ]
        },
        {
            "scale": 25.6,
            "projectedUnitVectors": [
                {
                    "data": [
                        [
                            0.0025920913885672378
                        ],
                        [
                            0.06656499140761375
                        ]
                    ]
                },
                {
                    "data": [
                        [
                            0.0028263462498283967
                        ],
                        [
                            0.9977696770051651
                        ]
                    ]
                },
                {
                    "data": [
                        [
                            0.9999920967388805
                        ],
                        [
                            -0.0029967754591995305
                        ]
                    ]
                },
                {
                    "data": [
                        [
                            0.0010484697835320609
                        ],
                        [
                            0.003974028781945292
                        ]
                    ]
                }
            ]
        },
        {
            "scale": 28.9,
            "projectedUnitVectors": [
                {
                    "data": [
                        [
                            0.0020299313422870975
                        ],
                        [
                            0.05207632066001293
                        ]
                    ]
                },
                {
                    "data": [
                        [
                            0.0022145457887927803
                        ],
                        [
                            0.9986359017716592
                        ]
                    ]
                },
                {
                    "data": [
                        [
                            0.9999951495967623
                        ],
                        [
                            -0.0023197155876670795
                        ]
                    ]
                },
                {
                    "data": [
                        [
                            0.0008221609599688137
                        ],
                        [
                            0.003001905863655536
                        ]
                    ]
                }
            ]
        },
        {
            "scale": 32.4,
            "projectedUnitVectors": [
                {
                    "data": [
                        [
                            0.001612692937266601
                        ],
                        [
                            0.041325203337994505
                        ]
                    ]
                },
                {
                    "data": [
                        [
                            0.0017600504381628786
                        ],
                        [
                            0.9991413901685781
                        ]
                    ]
                },
                {
                    "data": [
                        [
                            0.999996936983516
                        ],
                        [
                            -0.0018267052382927446
                        ]
                    ]
                },
                {
                    "data": [
                        [
                            0.0006538100107607596
                        ],
                        [
                            0.0023180097167329913
                        ]
                    ]
                }
            ]
        },
        {
            "scale": 36.1,
            "projectedUnitVectors": [
                {
                    "data": [
                        [
                            0.001297616484658438
                        ],
                        [
                            0.03321537044392426
                        ]
                    ]
                },
                {
                    "data": [
                        [
                            0.0014166045838070152
                        ],
                        [
                            0.9994454872674063
                        ]
                    ]
                },
                {
                    "data": [
                        [
                            0.999998016128067
                        ],
                        [
                            -0.0014598828778433783
                        ]
                    ]
                },
                {
                    "data": [
                        [
                            0.0005264625742357337
                        ],
                        [
                            0.0018237020242233472
                        ]
                    ]
                }
            ]
        }
    ]
}
